[2025-07-23 04:27:25 PM] warn: 	No token provided
[2025-07-23 08:01:56 PM] warn: 	No token provided
[2025-07-23 09:29:41 PM] error: 	Trainer creation failed: Cannot read properties of undefined (reading 'TRAINER')
[2025-07-23 10:58:38 PM] error: 	Trainer creation error: Cannot read properties of undefined (reading 'TRAINER')
[2025-07-30 07:11:12 AM] warn: 	No token provided
[2025-07-30 07:14:15 AM] warn: 	No token provided
[2025-07-30 09:24:00 PM] warn: 	Login failed - User not found: superadmin@gymcrm.com
[2025-07-30 09:24:13 PM] warn: 	Login failed - User not found: superadmin@gymcrm.com
[2025-07-30 09:28:49 PM] warn: 	Login failed - User not found: superadmin@gymcrm.com
[2025-07-30 09:28:54 PM] warn: 	Login failed - User not found: superadmin@gymcrm.com
[2025-07-30 09:33:40 PM] error: 	Authentication error: invalid signature
[2025-07-30 09:33:40 PM] error: 	Authentication error: invalid signature
[2025-07-30 09:34:49 PM] warn: 	Login failed - User not found: superadmin@gymcrm.com
[2025-07-30 09:36:06 PM] warn: 	Login failed - User not found: nitishpathak213@gmail.com
[2025-07-30 09:36:12 PM] warn: 	Login failed - User not found: nitishpathak213@gmail.com
[2025-07-30 09:36:33 PM] warn: 	Login failed - User not found: nitishpathak213@gmail.com
[2025-07-30 09:38:15 PM] warn: 	Login failed - User not found: nitishpathak213@gmail.com
[2025-07-30 09:40:06 PM] warn: 	Login failed - User not found: superadmin@gymcrm.com
[2025-07-30 09:40:12 PM] warn: 	Login failed - User not found: superadmin@gymcrm.com
[2025-07-31 05:17:03 PM] error: 	Authentication error: invalid signature
[2025-07-31 05:17:03 PM] error: 	Authentication error: invalid signature
[2025-08-01 07:17:15 PM] warn: 	No token provided
[2025-08-01 07:32:31 PM] warn: 	Login failed - User not found: superadmin@gymcrm.com
[2025-08-01 07:33:10 PM] warn: 	Login failed - User not found: superadmin2@gymcrm.com
[2025-08-01 07:33:12 PM] warn: 	Login failed - User not found: superadmin2@gymcrm.com
[2025-08-01 07:33:30 PM] warn: 	Login failed - User not found: superadmin2@gymcrm.com
[2025-08-01 07:36:31 PM] warn: 	Login failed - User not found: superadmin2@gymcrm.com
[2025-08-01 07:36:46 PM] warn: 	Login failed - User not found: superadmin@gymcrm.com
[2025-08-01 07:38:05 PM] warn: 	Login failed - Incorrect password for user: superadmin2@example.com
[2025-08-01 07:38:27 PM] warn: 	No token provided
[2025-08-01 07:38:27 PM] warn: 	No token provided
[2025-08-01 07:38:32 PM] warn: 	No token provided
[2025-08-01 07:38:32 PM] warn: 	No token provided
[2025-08-01 07:39:01 PM] warn: 	No token provided
[2025-08-01 07:39:01 PM] warn: 	No token provided
[2025-08-01 07:43:11 PM] warn: 	No token provided
[2025-08-01 07:43:11 PM] warn: 	No token provided
[2025-08-01 07:43:30 PM] warn: 	No token provided
[2025-08-01 07:43:41 PM] warn: 	No token provided
[2025-08-01 07:43:56 PM] warn: 	No token provided
[2025-08-01 07:45:30 PM] warn: 	No token provided
[2025-08-01 07:45:30 PM] warn: 	No token provided
[2025-08-01 07:50:45 PM] warn: 	No token provided
[2025-08-01 07:50:45 PM] warn: 	No token provided
[2025-08-01 08:04:14 PM] warn: 	No token provided
[2025-08-01 08:04:14 PM] warn: 	No token provided
[2025-08-01 08:35:39 PM] warn: 	No token provided
[2025-08-01 08:35:39 PM] warn: 	No token provided
[2025-08-01 08:46:36 PM] warn: 	Login failed - Incorrect password for user: john@fitlife.com
[2025-08-01 08:46:45 PM] warn: 	No token provided
[2025-08-01 08:46:45 PM] warn: 	No token provided
[2025-08-01 08:47:55 PM] warn: 	No token provided
[2025-08-01 08:47:55 PM] warn: 	No token provided
[2025-08-01 08:49:04 PM] warn: 	No token provided
[2025-08-01 08:49:04 PM] warn: 	No token provided
[2025-08-01 08:49:19 PM] warn: 	No token provided
[2025-08-01 08:49:19 PM] warn: 	No token provided
[2025-08-01 11:24:55 PM] error: 	❌ MongoDB connection failed: querySrv ECONNREFUSED _mongodb._tcp.ekart.rkmvp.mongodb.net
[2025-08-01 11:25:57 PM] error: 	❌ MongoDB connection failed: querySrv ETIMEOUT _mongodb._tcp.ekart.rkmvp.mongodb.net
[2025-08-01 11:39:26 PM] warn: 	No token provided
[2025-08-01 11:39:26 PM] warn: 	No token provided
[2025-08-04 08:22:22 AM] warn: 	No token provided
[2025-08-04 08:22:22 AM] warn: 	No token provided
[2025-08-04 08:33:48 AM] warn: 	No token provided
[2025-08-04 08:33:48 AM] warn: 	No token provided
[2025-08-04 08:37:47 AM] warn: 	No token provided
[2025-08-04 08:37:53 AM] warn: 	No token provided
[2025-08-04 08:37:53 AM] warn: 	No token provided
[2025-08-04 08:38:22 AM] warn: 	No token provided
[2025-08-04 08:39:03 AM] warn: 	No token provided
[2025-08-04 08:39:03 AM] warn: 	No token provided
[2025-08-04 08:44:01 AM] warn: 	No token provided
[2025-08-04 08:44:01 AM] warn: 	No token provided
[2025-08-04 08:44:09 AM] warn: 	No token provided
[2025-08-04 08:44:09 AM] warn: 	No token provided
[2025-08-04 08:45:55 AM] warn: 	No token provided
[2025-08-04 08:45:55 AM] warn: 	No token provided
[2025-08-04 08:47:21 AM] warn: 	No token provided
[2025-08-04 08:47:21 AM] warn: 	No token provided
[2025-08-04 09:10:57 AM] warn: 	No token provided
[2025-08-04 09:11:03 AM] warn: 	No token provided
[2025-08-04 09:11:37 AM] warn: 	No token provided
[2025-08-04 09:12:09 AM] warn: 	No token provided
[2025-08-04 09:12:10 AM] warn: 	No token provided
[2025-08-04 09:12:17 AM] warn: 	No token provided
[2025-08-04 09:12:20 AM] warn: 	No token provided
[2025-08-04 09:12:24 AM] warn: 	No token provided
[2025-08-04 03:24:50 PM] warn: 	No token provided
[2025-08-04 03:24:50 PM] warn: 	No token provided
[2025-08-04 03:27:29 PM] warn: 	No token provided
[2025-08-04 03:27:31 PM] warn: 	No token provided
[2025-08-04 03:31:22 PM] warn: 	No token provided
[2025-08-04 03:31:35 PM] warn: 	No token provided
[2025-08-04 03:32:29 PM] error: 	Authentication error: invalid token
[2025-08-04 03:34:53 PM] error: 	Authentication error: invalid token
[2025-08-04 03:44:24 PM] error: 	Authentication error: invalid token
[2025-08-04 03:44:33 PM] error: 	Authentication error: invalid token
[2025-08-04 04:18:54 PM] error: 	Authentication error: connect ETIMEDOUT 159.41.243.57:27017
[2025-08-04 04:19:14 PM] error: 	Authentication error: connect ETIMEDOUT 159.41.243.57:27017
[2025-08-04 05:00:42 PM] error: 	Authentication error: getaddrinfo ENOTFOUND ekart-shard-00-02.rkmvp.mongodb.net
[2025-08-04 05:01:01 PM] error: 	Authentication error: connect ETIMEDOUT 159.41.243.57:27017
[2025-08-04 05:01:11 PM] error: 	Authentication error: connect ETIMEDOUT 159.41.243.57:27017
[2025-08-05 10:09:52 AM] error: 	❌ MongoDB connection failed: Could not connect to any servers in your MongoDB Atlas cluster. One common reason is that you're trying to access the database from an IP that isn't whitelisted. Make sure your current IP address is on your Atlas cluster's IP whitelist: https://www.mongodb.com/docs/atlas/security-whitelist/
[2025-08-08 09:08:21 AM] warn: 	Login failed - Incorrect password for user: riya.frontdesk@example.com
[2025-08-08 10:51:21 AM] warn: 	No token provided
[2025-08-08 10:52:52 AM] warn: 	No token provided
[2025-08-08 10:53:19 AM] warn: 	No token provided
[2025-08-08 06:42:41 PM] warn: 	No token provided
[2025-08-08 06:45:27 PM] warn: 	No token provided
[2025-08-08 06:45:46 PM] warn: 	No token provided
[2025-08-08 06:47:30 PM] warn: 	No token provided
[2025-08-08 06:47:32 PM] warn: 	No token provided
[2025-08-08 06:47:33 PM] warn: 	No token provided
[2025-08-08 06:47:34 PM] warn: 	No token provided
[2025-08-08 06:47:34 PM] warn: 	No token provided
[2025-08-08 06:47:35 PM] warn: 	No token provided
[2025-08-08 06:47:35 PM] warn: 	No token provided
[2025-08-08 06:47:36 PM] warn: 	No token provided
[2025-08-08 06:47:47 PM] warn: 	No token provided
[2025-08-08 06:47:48 PM] warn: 	No token provided
[2025-08-08 06:50:38 PM] warn: 	No token provided
[2025-08-08 06:50:46 PM] warn: 	No token provided
[2025-08-08 06:58:34 PM] warn: 	No token provided
[2025-08-08 07:01:28 PM] warn: 	No token provided
[2025-08-08 07:03:19 PM] warn: 	No token provided
[2025-08-14 02:03:22 PM] warn: 	Login failed - User not found: bablu@hosiyaar.com
[2025-08-14 02:03:30 PM] warn: 	Login failed - User not found: bablu@hosiyaar.com
[2025-08-14 02:04:10 PM] warn: 	Login failed - User not found: bablu@hosiyaar.com
[2025-08-14 02:04:10 PM] warn: 	Login failed - User not found: superadmin@gymcrm.com
[2025-08-14 02:04:11 PM] warn: 	Login failed - User not found: superadmin@gymcrm.com
[2025-08-14 02:04:12 PM] warn: 	Login failed - User not found: superadmin@gymcrm.com
[2025-08-14 02:04:45 PM] warn: 	Login failed - User not found: superadmin@gymcrm.com
[2025-08-14 05:44:32 PM] error: 	Authentication error: getaddrinfo ENOTFOUND ekart-shard-00-02.rkmvp.mongodb.net
[2025-08-14 05:45:46 PM] error: 	Authentication error: getaddrinfo ENOTFOUND ekart-shard-00-02.rkmvp.mongodb.net
[2025-08-14 05:46:06 PM] error: 	Authentication error: getaddrinfo ENOTFOUND ekart-shard-00-02.rkmvp.mongodb.net
[2025-08-20 11:39:43 AM] warn: 	No token provided
[2025-08-20 11:39:43 AM] warn: 	No token provided
[2025-08-20 11:39:43 AM] warn: 	No token provided
[2025-08-20 11:39:43 AM] warn: 	No token provided
[2025-08-20 11:39:43 AM] warn: 	No token provided
[2025-08-20 11:39:43 AM] warn: 	No token provided
[2025-08-20 11:39:43 AM] warn: 	No token provided
[2025-08-20 11:39:43 AM] warn: 	No token provided
[2025-08-20 11:39:43 AM] warn: 	No token provided
[2025-08-20 11:39:43 AM] warn: 	No token provided
[2025-08-20 11:40:34 AM] warn: 	No token provided
[2025-08-20 11:40:34 AM] warn: 	No token provided
[2025-08-20 11:40:34 AM] warn: 	No token provided
[2025-08-20 11:40:34 AM] warn: 	No token provided
[2025-08-20 11:40:35 AM] warn: 	No token provided
[2025-08-20 11:40:35 AM] warn: 	No token provided
[2025-08-20 11:40:35 AM] warn: 	No token provided
[2025-08-20 11:40:35 AM] warn: 	No token provided
[2025-08-20 11:40:35 AM] warn: 	No token provided
[2025-08-20 11:40:35 AM] warn: 	No token provided
[2025-08-20 02:46:44 PM] error: 	GET MEMBERS ERROR: getaddrinfo ENOTFOUND ekart-shard-00-00.rkmvp.mongodb.net
[2025-08-20 02:46:50 PM] warn: 	No token provided
[2025-08-20 02:46:50 PM] warn: 	No token provided
[2025-08-20 02:46:50 PM] warn: 	No token provided
[2025-08-20 02:46:50 PM] warn: 	No token provided
[2025-08-20 02:46:50 PM] warn: 	No token provided
[2025-08-20 02:46:50 PM] warn: 	No token provided
[2025-08-20 02:46:50 PM] warn: 	No token provided
[2025-08-20 02:46:50 PM] warn: 	No token provided
[2025-08-20 02:46:50 PM] warn: 	No token provided
[2025-08-20 02:46:50 PM] warn: 	No token provided
[2025-08-23 10:21:20 AM] warn: 	Login failed - Incorrect password for user: niv@example.com
[2025-08-23 10:21:30 AM] warn: 	Login failed - Incorrect password for user: niv@example.com
[2025-08-23 10:21:46 AM] warn: 	Login failed - Incorrect password for user: niv@example.com
[2025-08-23 04:06:40 PM] error: 	❌ MongoDB connection failed: querySrv ETIMEOUT _mongodb._tcp.ekart.rkmvp.mongodb.net
[2025-08-23 04:18:39 PM] warn: 	No token provided
[2025-08-23 06:12:51 PM] error: 	Authentication error: getaddrinfo ENOTFOUND ekart-shard-00-01.rkmvp.mongodb.net
[2025-08-23 06:12:57 PM] error: 	Authentication error: getaddrinfo ENOTFOUND ekart-shard-00-01.rkmvp.mongodb.net
[2025-08-23 06:13:06 PM] error: 	❌ MongoDB connection failed: querySrv ECONNREFUSED _mongodb._tcp.ekart.rkmvp.mongodb.net
[2025-08-24 10:31:36 AM] error: 	Authentication error: getaddrinfo ENOTFOUND ekart-shard-00-00.rkmvp.mongodb.net
[2025-08-24 10:31:56 AM] error: 	Authentication error: getaddrinfo ENOTFOUND ekart-shard-00-00.rkmvp.mongodb.net
[2025-08-24 10:31:56 AM] error: 	Authentication error: getaddrinfo ENOTFOUND ekart-shard-00-00.rkmvp.mongodb.net
[2025-08-24 10:31:56 AM] error: 	Authentication error: getaddrinfo ENOTFOUND ekart-shard-00-00.rkmvp.mongodb.net
[2025-08-24 11:39:58 AM] error: 	Authentication error: getaddrinfo ENOTFOUND ekart-shard-00-00.rkmvp.mongodb.net
[2025-08-24 11:40:07 AM] error: 	Authentication error: getaddrinfo ENOTFOUND ekart-shard-00-00.rkmvp.mongodb.net
[2025-08-24 11:40:07 AM] error: 	Authentication error: getaddrinfo ENOTFOUND ekart-shard-00-00.rkmvp.mongodb.net
[2025-08-24 11:40:07 AM] error: 	Authentication error: getaddrinfo ENOTFOUND ekart-shard-00-00.rkmvp.mongodb.net
[2025-08-24 02:48:45 PM] error: 	Authentication error: getaddrinfo ENOTFOUND ekart-shard-00-00.rkmvp.mongodb.net
[2025-08-27 05:59:38 PM] warn: 	Login failed - User not found: superadmin@gymcrm.com
[2025-08-27 06:01:14 PM] warn: 	Login failed - User not found: superadmin@gymcrm.com
[2025-08-27 06:01:15 PM] warn: 	Login failed - User not found: superadmin@gymcrm.com
[2025-08-27 06:01:18 PM] warn: 	Login failed - User not found: superadmin@gymcrm.com
[2025-08-27 06:01:24 PM] warn: 	Login failed - User not found: superadmin@gymcrm.com
[2025-08-27 06:13:19 PM] error: 	CREATE MEMBER ERROR: Member validation failed: password: Path `password` (`1234`) is shorter than the minimum allowed length (6).
[2025-08-27 06:13:34 PM] error: 	CREATE MEMBER ERROR: Member validation failed: password: Path `password` (`1234`) is shorter than the minimum allowed length (6).
[2025-08-27 06:13:35 PM] error: 	CREATE MEMBER ERROR: Member validation failed: password: Path `password` (`1234`) is shorter than the minimum allowed length (6).
[2025-08-27 06:59:05 PM] warn: 	Login failed - User not found: nitishpathak213@gmail.com
[2025-08-27 06:59:06 PM] warn: 	Login failed - User not found: superadmin@gymcrm.com
[2025-08-27 06:59:07 PM] warn: 	Login failed - User not found: superadmin@gymcrm.com
[2025-08-27 06:59:18 PM] warn: 	Login failed - User not found: nitishpathak213@gmail.com
[2025-08-28 09:39:41 PM] warn: 	Login failed - User not found: john@fitlife.com
[2025-08-28 09:40:12 PM] warn: 	Login failed - User not found: john@fitlife.com
